// Jest Snapshot v1, https://goo.gl/fbAQLP

exports[`Expenses-list page should render expenses-list page correctly 1`] = `
<div
  className="container"
>
  <header
    className="header expenses-list"
  >
    <h1
      className="text-center"
    >
      Expenses List page
    </h1>
    <p
      className="text-center"
    >
      (filters off description)
    </p>
  </header>
  <div
    className="main-content"
  >
    <Connect(ExpensesListFilters) />
    <Connect(ExpensesList) />
  </div>
</div>
`;
